*********************
Gebiet ohne Stroemung
*********************
Groesse des Gebietes
 35.0 30.0

Stroemungen
 (0.0;0.0) (35.0;30.0) SV = (0.0;0.0)

zu fahrende Route
 Punkt 0: (5.0;30.0)

 Punkt 1: (25.0;5.0)


Daten fuer die Planung der Route:
 Strecke von (5.0;30.0) nach (25.0;5.0)
  Entfernung: 32.0 km
  SKV = (3.1;-3.9)
  Sollgeschwindigkeit: 5.0 km/h
  Fahrzeit: 6.4 h
